
> drone_joint_control@1.0.0 dev
> vite --host 127.0.0.1 --port 5174

(!) Your Vite config uses features that are unsupported by `configLoader: 'native'`, which is planned to become the default in a future major version of Vite:
  - ESM syntax in a file loaded as CommonJS (vite.config.js:1:1). Use a `.mjs` extension or set `"type": "module"` in the closest package.json
Set `VITE_CONFIG_NATIVE_IGNORE_WARNING=true` to suppress this warning.

  VITE v8.2.2  ready in 182 ms

  ➜  Local:   http://127.0.0.1:5174/
  ➜  press h + enter to show help
11:41:38 [vite] (client) [console.warn] THREE.Clock: This module has been deprecated. Please use THREE.Timer instead.
11:42:01 [vite] (client) [console.warn] THREE.Clock: This module has been deprecated. Please use THREE.Timer instead.
11:42:03 [vite] (client) [console.warn] THREE.Clock: This module has been deprecated. Please use THREE.Timer instead.
11:42:47 [vite] (client) [console.warn] THREE.Clock: This module has been deprecated. Please use THREE.Timer instead.
11:42:47 [vite] (client) [console.warn] THREE.Clock: This module has been deprecated. Please use THREE.Timer instead.
11:42:48 [vite] (client) [console.warn] THREE.Clock: This module has been deprecated. Please use THREE.Timer instead.
11:42:48 [vite] (client) [console.warn] THREE.Clock: This module has been deprecated. Please use THREE.Timer instead.
11:42:48 [vite] (client) [console.warn] THREE.Clock: This module has been deprecated. Please use THREE.Timer instead.
11:42:48 [vite] (client) [console.warn] THREE.Clock: This module has been deprecated. Please use THREE.Timer instead.
11:42:49 [vite] (client) [console.warn] THREE.Clock: This module has been deprecated. Please use THREE.Timer instead.
11:43:28 [vite] (client) page reload src/main.js
11:43:28 [vite] (client) [console.warn] THREE.Clock: This module has been deprecated. Please use THREE.Timer instead.
11:43:28 [vite] (client) [console.warn] THREE.Clock: This module has been deprecated. Please use THREE.Timer instead.
11:43:38 [vite] (client) [console.warn] THREE.Clock: This module has been deprecated. Please use THREE.Timer instead.
11:46:10 [vite] (client) page reload src/main.js
11:46:11 [vite] (client) [Unhandled error] SyntaxError: Private field '#keyboardStatus' must be declared in an enclosing class

11:46:11 [vite] (client) [Unhandled error] SyntaxError: Private field '#keyboardStatus' must be declared in an enclosing class

11:49:29 [vite] (client) [Unhandled error] SyntaxError: Private field '#keyboardStatus' must be declared in an enclosing class

11:49:30 [vite] (client) [Unhandled error] SyntaxError: Private field '#keyboardStatus' must be declared in an enclosing class

11:49:30 [vite] (client) [Unhandled error] SyntaxError: Private field '#keyboardStatus' must be declared in an enclosing class

11:49:31 [vite] (client) [Unhandled error] SyntaxError: Private field '#keyboardStatus' must be declared in an enclosing class

11:49:31 [vite] (client) [Unhandled error] SyntaxError: Private field '#keyboardStatus' must be declared in an enclosing class

11:49:31 [vite] (client) [Unhandled error] SyntaxError: Private field '#keyboardStatus' must be declared in an enclosing class

11:49:32 [vite] (client) [Unhandled error] SyntaxError: Private field '#keyboardStatus' must be declared in an enclosing class

11:49:32 [vite] (client) [Unhandled error] SyntaxError: Private field '#keyboardStatus' must be declared in an enclosing class

11:49:33 [vite] (client) [Unhandled error] SyntaxError: Private field '#keyboardStatus' must be declared in an enclosing class

11:49:33 [vite] (client) [Unhandled error] SyntaxError: Private field '#keyboardStatus' must be declared in an enclosing class

11:51:31 [vite] (client) page reload src/main.js
11:51:32 [vite] (client) [console.warn] THREE.Clock: This module has been deprecated. Please use THREE.Timer instead.
11:51:32 [vite] (client) [console.warn] THREE.Clock: This module has been deprecated. Please use THREE.Timer instead.
11:51:44 [vite] (client) [console.warn] THREE.Clock: This module has been deprecated. Please use THREE.Timer instead.
11:52:32 [vite] (client) page reload src/main.js
11:52:33 [vite] (client) Pre-transform error: Failed to parse source for import analysis because the content contains invalid JS syntax. If you are using JSX, make sure to name the file with the .jsx or .tsx extension.
  Plugin: vite:import-analysis
  File: D:/study/RM/drone_joint_control_dashboard/src/main.js:15:889
  13 |  function updateDronePosition(){if(!droneAnchor)return;['X','Y','Z'].forEach(axis=>{const value=+$('#drone'+axis).valu...
  14 |  $('#recordArm').onclick=()=>{recording=!recording;$('#recordArm').textContent=recording?'结束记录':'开始记录';event(recording...
  15 |  ...us({preventScroll:true});event('键盘控制已启用：W/S→Y，A/D→Z，Q/E→X。')};function resize(){let r=$('#viewport').getBoundingCl...
     |                                                                 ^
  16 |  
  17 |  
11:52:33 [vite] Internal server error: Failed to parse source for import analysis because the content contains invalid JS syntax. If you are using JSX, make sure to name the file with the .jsx or .tsx extension.
  Plugin: vite:import-analysis
  File: D:/study/RM/drone_joint_control_dashboard/src/main.js:15:889
  13 |  function updateDronePosition(){if(!droneAnchor)return;['X','Y','Z'].forEach(axis=>{const value=+$('#drone'+axis).valu...
  14 |  $('#recordArm').onclick=()=>{recording=!recording;$('#recordArm').textContent=recording?'结束记录':'开始记录';event(recording...
  15 |  ...us({preventScroll:true});event('键盘控制已启用：W/S→Y，A/D→Z，Q/E→X。')};function resize(){let r=$('#viewport').getBoundingCl...
     |                                                                 ^
  16 |  
  17 |  
      at TransformPluginContext._formatLog (file:///D:/study/RM/drone_joint_control_dashboard/node_modules/vite/dist/node/chunks/node.js:31147:39)
      at TransformPluginContext.error (file:///D:/study/RM/drone_joint_control_dashboard/node_modules/vite/dist/node/chunks/node.js:31144:14)
      at TransformPluginContext.transform (file:///D:/study/RM/drone_joint_control_dashboard/node_modules/vite/dist/node/chunks/node.js:28047:10)
      at async EnvironmentPluginContainer.transform (file:///D:/study/RM/drone_joint_control_dashboard/node_modules/vite/dist/node/chunks/node.js:30932:14)
      at async loadAndTransform (file:///D:/study/RM/drone_joint_control_dashboard/node_modules/vite/dist/node/chunks/node.js:20671:26)
11:52:33 [vite] (client) Pre-transform error: Failed to parse source for import analysis because the content contains invalid JS syntax. If you are using JSX, make sure to name the file with the .jsx or .tsx extension.
  Plugin: vite:import-analysis
  File: D:/study/RM/drone_joint_control_dashboard/src/main.js:15:889
  13 |  function updateDronePosition(){if(!droneAnchor)return;['X','Y','Z'].forEach(axis=>{const value=+$('#drone'+axis).valu...
  14 |  $('#recordArm').onclick=()=>{recording=!recording;$('#recordArm').textContent=recording?'结束记录':'开始记录';event(recording...
  15 |  ...us({preventScroll:true});event('键盘控制已启用：W/S→Y，A/D→Z，Q/E→X。')};function resize(){let r=$('#viewport').getBoundingCl...
     |                                                                 ^
  16 |  
  17 |  
11:52:33 [vite] Internal server error: Failed to parse source for import analysis because the content contains invalid JS syntax. If you are using JSX, make sure to name the file with the .jsx or .tsx extension.
  Plugin: vite:import-analysis
  File: D:/study/RM/drone_joint_control_dashboard/src/main.js:15:889
  13 |  function updateDronePosition(){if(!droneAnchor)return;['X','Y','Z'].forEach(axis=>{const value=+$('#drone'+axis).valu...
  14 |  $('#recordArm').onclick=()=>{recording=!recording;$('#recordArm').textContent=recording?'结束记录':'开始记录';event(recording...
  15 |  ...us({preventScroll:true});event('键盘控制已启用：W/S→Y，A/D→Z，Q/E→X。')};function resize(){let r=$('#viewport').getBoundingCl...
     |                                                                 ^
  16 |  
  17 |  
      at TransformPluginContext._formatLog (file:///D:/study/RM/drone_joint_control_dashboard/node_modules/vite/dist/node/chunks/node.js:31147:39)
      at TransformPluginContext.error (file:///D:/study/RM/drone_joint_control_dashboard/node_modules/vite/dist/node/chunks/node.js:31144:14)
      at TransformPluginContext.transform (file:///D:/study/RM/drone_joint_control_dashboard/node_modules/vite/dist/node/chunks/node.js:28047:10)
      at async EnvironmentPluginContainer.transform (file:///D:/study/RM/drone_joint_control_dashboard/node_modules/vite/dist/node/chunks/node.js:30932:14)
      at async loadAndTransform (file:///D:/study/RM/drone_joint_control_dashboard/node_modules/vite/dist/node/chunks/node.js:20671:26)
      at async viteTransformMiddleware (file:///D:/study/RM/drone_joint_control_dashboard/node_modules/vite/dist/node/chunks/node.js:25205:20)
11:53:50 [vite] (client) page reload src/main.js
11:53:51 [vite] (client) [console.warn] THREE.Clock: This module has been deprecated. Please use THREE.Timer instead.
11:53:51 [vite] (client) [console.warn] THREE.Clock: This module has been deprecated. Please use THREE.Timer instead.
11:55:52 [vite] (client) [console.warn] THREE.Clock: This module has been deprecated. Please use THREE.Timer instead.
11:55:52 [vite] (client) [console.warn] THREE.Clock: This module has been deprecated. Please use THREE.Timer instead.
11:55:52 [vite] (client) [console.warn] THREE.Clock: This module has been deprecated. Please use THREE.Timer instead.
11:55:52 [vite] (client) [console.warn] THREE.Clock: This module has been deprecated. Please use THREE.Timer instead.
11:59:02 [vite] (client) page reload src/main.js
11:59:03 [vite] (client) [console.warn] THREE.Clock: This module has been deprecated. Please use THREE.Timer instead.
11:59:03 [vite] (client) [console.warn] THREE.Clock: This module has been deprecated. Please use THREE.Timer instead.
11:59:17 [vite] (client) [console.warn] THREE.Clock: This module has been deprecated. Please use THREE.Timer instead.
11:59:18 [vite] (client) [console.warn] THREE.Clock: This module has been deprecated. Please use THREE.Timer instead.
12:00:48 [vite] (client) page reload src/main.js
12:00:49 [vite] (client) [console.warn] THREE.Clock: This module has been deprecated. Please use THREE.Timer instead.
12:00:49 [vite] (client) [console.warn] THREE.Clock: This module has been deprecated. Please use THREE.Timer instead.
12:00:57 [vite] (client) [console.warn] THREE.Clock: This module has been deprecated. Please use THREE.Timer instead.
12:00:57 [vite] (client) [console.warn] THREE.Clock: This module has been deprecated. Please use THREE.Timer instead.
12:00:57 [vite] (client) [console.warn] THREE.Clock: This module has been deprecated. Please use THREE.Timer instead.
12:00:57 [vite] (client) [console.warn] THREE.Clock: This module has been deprecated. Please use THREE.Timer instead.
12:02:14 [vite] (client) [console.warn] THREE.Clock: This module has been deprecated. Please use THREE.Timer instead.
12:02:21 [vite] (client) [console.warn] THREE.Clock: This module has been deprecated. Please use THREE.Timer instead.
12:04:41 [vite] (client) [console.warn] THREE.Clock: This module has been deprecated. Please use THREE.Timer instead.
12:04:46 [vite] (client) page reload src/main.js
12:04:47 [vite] (client) [console.warn] THREE.Clock: This module has been deprecated. Please use THREE.Timer instead.
12:04:47 [vite] (client) [console.warn] THREE.Clock: This module has been deprecated. Please use THREE.Timer instead.
12:05:00 [vite] (client) [console.warn] THREE.Clock: This module has been deprecated. Please use THREE.Timer instead.
12:05:00 [vite] (client) [console.warn] THREE.Clock: This module has been deprecated. Please use THREE.Timer instead.
12:05:01 [vite] (client) [console.warn] THREE.Clock: This module has been deprecated. Please use THREE.Timer instead.
12:05:01 [vite] (client) [console.warn] THREE.Clock: This module has been deprecated. Please use THREE.Timer instead.
12:05:20 [vite] (client) [console.warn] THREE.Clock: This module has been deprecated. Please use THREE.Timer instead.
12:05:20 [vite] (client) [console.warn] THREE.Clock: This module has been deprecated. Please use THREE.Timer instead.
12:05:21 [vite] (client) [console.warn] THREE.Clock: This module has been deprecated. Please use THREE.Timer instead.
12:12:54 [vite] (client) [console.warn] THREE.Clock: This module has been deprecated. Please use THREE.Timer instead.
12:13:01 [vite] (client) [console.warn] [keyboard received] arrowup ArrowUp
12:13:01 [vite] (client) [console.warn] [keyboard received] arrowleft ArrowLeft
12:13:01 [vite] (client) [console.warn] [keyboard received] arrowright ArrowRight
12:13:02 [vite] (client) [console.warn] [keyboard received] arrowleft ArrowLeft
12:13:02 [vite] (client) [console.warn] [keyboard received] arrowup ArrowUp
12:13:02 [vite] (client) [console.warn] [keyboard received] arrowleft ArrowLeft
12:13:02 [vite] (client) [console.warn] [keyboard received] arrowright ArrowRight
12:13:03 [vite] (client) [console.warn] [keyboard received] arrowup ArrowUp
12:13:03 [vite] (client) [console.warn] [keyboard received] arrowup ArrowUp
12:13:04 [vite] (client) [console.warn] [keyboard received] arrowup ArrowUp
12:13:04 [vite] (client) [console.warn] [keyboard received] arrowup ArrowUp
12:13:04 [vite] (client) [console.warn] [keyboard received] arrowup ArrowUp
12:13:04 [vite] (client) [console.warn] [keyboard received] arrowup ArrowUp
12:13:04 [vite] (client) [console.warn] [keyboard received] arrowup ArrowUp
12:13:05 [vite] (client) [console.warn] [keyboard received] arrowup ArrowUp
12:13:05 [vite] (client) [console.warn] [keyboard received] arrowdown ArrowDown
12:13:05 [vite] (client) [console.warn] [keyboard received] arrowdown ArrowDown
12:13:05 [vite] (client) [console.warn] [keyboard received] arrowdown ArrowDown
12:13:05 [vite] (client) [console.warn] [keyboard received] arrowdown ArrowDown
12:13:05 [vite] (client) [console.warn] [keyboard received] arrowdown ArrowDown
12:13:05 [vite] (client) [console.warn] [keyboard received] arrowdown ArrowDown
12:13:05 [vite] (client) [console.warn] [keyboard received] arrowdown ArrowDown
12:13:05 [vite] (client) [console.warn] [keyboard received] arrowdown ArrowDown
12:13:05 [vite] (client) [console.warn] [keyboard received] arrowdown ArrowDown
12:13:05 [vite] (client) [console.warn] [keyboard received] arrowdown ArrowDown
12:13:05 [vite] (client) [console.warn] [keyboard received] arrowdown ArrowDown
12:13:06 [vite] (client) [console.warn] [keyboard received] arrowdown ArrowDown
12:13:06 [vite] (client) [console.warn] [keyboard received] arrowdown ArrowDown
12:13:06 [vite] (client) [console.warn] [keyboard received] arrowdown ArrowDown
12:13:06 [vite] (client) [console.warn] [keyboard received] arrowdown ArrowDown
12:13:06 [vite] (client) [console.warn] [keyboard received] arrowup ArrowUp
12:13:06 [vite] (client) [console.warn] [keyboard received] arrowup ArrowUp
12:13:06 [vite] (client) [console.warn] [keyboard received] arrowup ArrowUp
12:13:06 [vite] (client) [console.warn] [keyboard received] arrowup ArrowUp
12:13:07 [vite] (client) [console.warn] [keyboard received] arrowup ArrowUp
12:13:07 [vite] (client) [console.warn] [keyboard received] arrowup ArrowUp
12:13:07 [vite] (client) [console.warn] [keyboard received] arrowup ArrowUp
12:13:07 [vite] (client) [console.warn] [keyboard received] arrowleft ArrowLeft
12:13:07 [vite] (client) [console.warn] [keyboard received] arrowleft ArrowLeft
12:13:07 [vite] (client) [console.warn] [keyboard received] arrowright ArrowRight
12:13:14 [vite] (client) [console.warn] [keyboard received] escape Escape
12:24:41 [vite] (client) [console.warn] THREE.Clock: This module has been deprecated. Please use THREE.Timer instead.
12:24:43 [vite] (client) [console.warn] THREE.Clock: This module has been deprecated. Please use THREE.Timer instead.
